Default matches snapshot:
  1: |
    apiVersion: v1
    imagePullSecrets:
      - name: test-secret-registry
    kind: ServiceAccount
    metadata:
      labels:
        app.kubernetes.io/instance: RELEASE-NAME
        app.kubernetes.io/managed-by: Helm
        app.kubernetes.io/name: thoras
        helm.sh/chart: thoras-4.7.0
      name: thoras-api
      namespace: NAMESPACE
  2: |
    apiVersion: rbac.authorization.k8s.io/v1
    kind: ClusterRole
    metadata:
      labels:
        app.kubernetes.io/instance: RELEASE-NAME
        app.kubernetes.io/managed-by: Helm
        app.kubernetes.io/name: thoras
        helm.sh/chart: thoras-4.7.0
      name: thoras-api
    rules:
      - apiGroups:
          - '*'
        resources:
          - '*'
        verbs:
          - get
          - list
          - watch
      - apiGroups:
          - autoscaling
        resources:
          - horizontalpodautoscalers
        verbs:
          - get
          - list
          - watch
      - apiGroups:
          - thoras.ai
        resources:
          - '*'
        verbs:
          - '*'
      - apiGroups:
          - batch
        resources:
          - jobs
        verbs:
          - '*'
      - apiGroups:
          - apps
        resources:
          - '*'
        verbs:
          - patch
  3: |
    apiVersion: rbac.authorization.k8s.io/v1
    kind: ClusterRoleBinding
    metadata:
      labels:
        app.kubernetes.io/instance: RELEASE-NAME
        app.kubernetes.io/managed-by: Helm
        app.kubernetes.io/name: thoras
        helm.sh/chart: thoras-4.7.0
      name: thoras-api
      namespace: NAMESPACE
    roleRef:
      apiGroup: rbac.authorization.k8s.io
      kind: ClusterRole
      name: thoras-api
    subjects:
      - kind: ServiceAccount
        name: thoras-api
        namespace: NAMESPACE
  4: |
    apiVersion: rbac.authorization.k8s.io/v1
    kind: Role
    metadata:
      labels:
        app.kubernetes.io/instance: RELEASE-NAME
        app.kubernetes.io/managed-by: Helm
        app.kubernetes.io/name: thoras
        helm.sh/chart: thoras-4.7.0
      name: thoras-api
      namespace: NAMESPACE
    rules:
      - apiGroups:
          - ""
        resources:
          - pods
        verbs:
          - delete
  5: |
    apiVersion: rbac.authorization.k8s.io/v1
    kind: RoleBinding
    metadata:
      labels:
        app.kubernetes.io/instance: RELEASE-NAME
        app.kubernetes.io/managed-by: Helm
        app.kubernetes.io/name: thoras
        helm.sh/chart: thoras-4.7.0
      name: thoras-api
      namespace: NAMESPACE
    roleRef:
      apiGroup: rbac.authorization.k8s.io
      kind: Role
      name: thoras-api
    subjects:
      - kind: ServiceAccount
        name: thoras-api
        namespace: NAMESPACE
