Default matches snapshot:
  1: |
    apiVersion: v1
    kind: Service
    metadata:
      name: thoras-dashboard
      namespace: NAMESPACE
    spec:
      ports:
        - port: 80
          protocol: TCP
          targetPort: 80
      selector:
        app: thoras-dashboard
      type: ClusterIP
